// Jest Snapshot v1, https://goo.gl/fbAQLP

exports[`home-container should match snapshot 1`] = `
<div
  className="home-container"
>
  <HomeHeader />
  <FeaturedProject />
  <AboutMe />
</div>
`;
