// Jest Snapshot v1, https://goo.gl/fbAQLP

exports[`home-header should match snapshot 1`] = `
<header
  className="home-header"
>
  <div
    className="home-header__contents"
  >
    <div
      className="home-header__name"
    >
      <h1>
        translated general.name
      </h1>
    </div>
    <div
      className="home-header__title"
    >
      <h3>
        <img
          alt=""
          className="home-header__logo"
          src="/img/skylogo.png"
        />
        translated general.role
      </h3>
      <p>
        translated home.header.subline
      </p>
    </div>
    <div
      className="home-header__buttons"
    >
      <button
        className="home-header__contact"
        type="button"
      >
        <img
          alt=""
          src="/img/contact.png"
        />
        <span>
          translated home.header.contact
        </span>
      </button>
    </div>
  </div>
  <Connect(HomeHeaderPipeline) />
</header>
`;
