// Jest Snapshot v1, https://goo.gl/fbAQLP

exports[`app-container should render an empty div if labels still loading 1`] = `<div />`;

exports[`app-container should render the app once labels are ready 1`] = `
<Fragment>
  <AppNav />
  <Switch>
    <Route
      component={[Function]}
      exact={true}
      path="/"
    />
    <Route
      component={[Function]}
      exact={true}
      path="/cv/"
    />
  </Switch>
</Fragment>
`;
